(rstab) root@4fa08ec8536b:~/RStab/Deep3D# pip install opencv-python-headless
Collecting opencv-python-headless
  Downloading opencv_python_headless-4.12.0.88-cp37-abi3-manylinux2014_x86_64.manylinux_2_17_x86_64.whl.metadata (19 kB)
Collecting numpy<2.3.0,>=2 (from opencv-python-headless)
  Using cached numpy-2.2.6-cp310-cp310-manylinux_2_17_x86_64.manylinux2014_x86_64.whl.metadata (62 kB)
Downloading opencv_python_headless-4.12.0.88-cp37-abi3-manylinux2014_x86_64.manylinux_2_17_x86_64.whl (54.0 MB)
   ━━━━━━━━━━━━━━━━━━━━━━━━━━━━━━━━━━━━━━━━ 54.0/54.0 MB 15.5 MB/s  0:00:03
Using cached numpy-2.2.6-cp310-cp310-manylinux_2_17_x86_64.manylinux2014_x86_64.whl (16.8 MB)
Installing collected packages: numpy, opencv-python-headless
  Attempting uninstall: numpy
    Found existing installation: numpy 1.23.5
    Uninstalling numpy-1.23.5:
      Successfully uninstalled numpy-1.23.5
ERROR: pip's dependency resolver does not currently take into account all the packages that are installed. This behaviour is the source of the following dependency conflicts.
cupy-cuda11x 12.1.0 requires numpy<1.27,>=1.20, but you have numpy 2.2.6 which is incompatible.
numpy-quaternion 2023.0.4 requires numpy<2.0,>=1.13, but you have numpy 2.2.6 which is incompatible.
scikit-learn 1.4.0 requires numpy<2.0,>=1.19.5, but you have numpy 2.2.6 which is incompatible.
scipy 1.11.0 requires numpy<1.28.0,>=1.21.6, but you have numpy 2.2.6 which is incompatible.
tensorflow 2.12.0 requires numpy<1.24,>=1.22, but you have numpy 2.2.6 which is incompatible.
Successfully installed numpy-2.2.6 opencv-python-headless-4.12.0.88
WARNING: Running pip as the 'root' user can result in broken permissions and conflicting behaviour with the system package manager, possibly rendering your system unusable. It is recommended to use a virtual environment instead: https://pip.pypa.io/warnings/venv. Use the --root-user-action option if you know what you are doing and want to suppress this warning.